     1                                  ; hello-os
     2                                  ; TAB=4
     3                                  
     4                                  	ORG		0x7c00			; このプログラムがどこに読み込まれるか
     5                                  
     6                                  ; 以下は標準的なFAT12フォーマットフロッピーディスクのための記述
     7 00000000 EB4E                    	JMP		entry
     8 00000002 90                      	DB		0x90
     9 00000003 48454C4C4F49504C        	DB		"HELLOIPL"		; ブーとセクタの名前を自由に書いてよい (8Byte)
    10 0000000B 0002                    	DW		512				; 1セクタの大きさ (512にしなければならない)
    11 0000000D 01                      	DB		1				; クラスタの大きさ (1セクタにしなければならない)
    12 0000000E 0100                    	DW		1				; FATがどこから始まるか (普通は1セクタ目からにする)
    13 00000010 02                      	DB		2				; FATの個数 (2にしなければならない)
    14 00000011 E000                    	DW		224				; ルートディレクトリ領域の大きさ (通常は224エントリにする)
    15 00000013 400B                    	DW		2880			; このドライブの大きさ (2880セクタにしなければならない)
    16 00000015 F0                      	DB		0xf0			; メディアタイプ (0xf0にしなければならない)
    17 00000016 0900                    	DW		9				; FAT領域の長さ (9セクタにしなければならない)
    18 00000018 1200                    	DW		18				; 1トラックに幾つのセクタがあるか (18セクタにしなければならない)
    19 0000001A 0200                    	DW		2				; ヘッドの数 (2にしなければならない)
    20 0000001C 00000000                	DD		0				; パーティションを使っていないので必ず0
    21 00000020 400B0000                	DD		2880			; このドライブの大きさをもう一度書く
    22 00000024 000029                  	DB		0, 0, 0x29		; よくわからないけどこの値にしておくといいらしい
    23 00000027 FFFFFFFF                	DD		0xffffffff		; 多分ボリュームシリアル番号
    24 0000002B 48454C4C4F2D4F5320-     	DB		"HELLO-OS   "	; ディスクの名前 (11Byte)
    24 00000034 2020               
    25 00000036 4641543132202020        	DB		"FAT12   "		; フォーマットの名前 (8Byte)
    26 0000003E 00<rept>                	TIMES	18 DB 0			; とりあえず18バイト開けておく
    27                                  
    28                                  ; Program Main Body
    29                                  entry:
    30 00000050 B80000                  	MOV		AX, 0			; アキュムレータレジスタの初期化
    31 00000053 8ED0                    	MOV		SS, AX			; SSはスタックセグメント
    32 00000055 BC007C                  	MOV		SP, 0x7c00		; スタックポインタを 0x7c00 へ移動
    33 00000058 8ED8                    	MOV		DS, AX			; DSはデータセグメント
    34 0000005A 8EC0                    	MOV		ES, AX			; ESはエクストラセグメント
    35                                  
    36 0000005C BE[7400]                	MOV		SI, msg			; SIはソースインデックス (読み込みインデックス) msgのメモリアドレスをSIに設定
    37                                  
    38                                  putloop:
    39 0000005F 8A04                    	MOV		AL, [SI]		; メモリのSI番地の値を1バイト分 AL (Accumrator Low アキュムレータレジスタの下位8バイト) に読み込む
    40 00000061 83C601                  	ADD		SI, 1			; ソースインデックスをひとつ進める
    41 00000064 3C00                    	CMP		AL, 0			; AL (msgメモリないの値) == 0 ならば終了
    42 00000066 7409                    	JE		fin
    43 00000068 B40E                    	MOV		AH, 0x0e		; 1文字表示ファンクション (AHはアキュムレータレジスタの上位8bit)
    44 0000006A BB0F00                  	MOV		BX, 15			; カラーコード (BXはベースレジスタ)
    45 0000006D CD10                    	INT		0x10			; ビデオBIOS呼び出し
    46 0000006F EBEE                    	JMP		putloop
    47                                  
    48                                  fin:
    49 00000071 F4                      	HLT						; 何かあるまでCPUを停止
    50 00000072 EBFD                    	JMP		fin				; 無限ループ
    51                                  
    52                                  msg:
    53 00000074 0A0A                    	DB		0x0a, 0x0a
    54 00000076 68656C6C6F2C20776F-     	DB		"hello, world"
    54 0000007F 726C64             
    55 00000082 0A                      	DB		0x0a
    56 00000083 00                      	DB		0
    57                                  
    58 00000084 00<rept>                	TIMES	0x7dfe-0x7c00-($-$$) DB 0		; 0x7dfeまでを0x00で埋める
    59                                  
    60 000001FE 55AA                    	DB		0x55, 0xaa
    61                                  
    62                                  ; ブート以外の処理
    63                                  
    64                                  ;	DB		0xf0, 0xff, 0xff, 0x00, 0x00, 0x00, 0x00, 0x00
    65                                  ;	TIMES	4600 DB 0
    66                                  ;	DB		0xf0, 0xff, 0xff, 0x00, 0x00, 0x00, 0x00, 0x00
    67                                  ;	TIMES	1469432 DB 0
