     1                                  ; hello-os
     2                                  ; TAB=4
     3                                  
     4                                  	ORG		0x7c00			; このプログラムがどこに読み込まれるか
     5                                  
     6                                  ; 以下は標準的なFAT12フォーマットフロッピーディスクのための記述
     7 00000000 EB4E                    	JMP		entry
     8 00000002 90                      	DB		0x90
     9 00000003 48454C4C4F49504C        	DB		"HELLOIPL"		; ブーとセクタの名前を自由に書いてよい (8Byte)
    10 0000000B 0002                    	DW		512				; 1セクタの大きさ (512にしなければならない)
    11 0000000D 01                      	DB		1				; クラスタの大きさ (1セクタにしなければならない)
    12 0000000E 0100                    	DW		1				; FATがどこから始まるか (普通は1セクタ目からにする)
    13 00000010 02                      	DB		2				; FATの個数 (2にしなければならない)
    14 00000011 E000                    	DW		224				; ルートディレクトリ領域の大きさ (通常は224エントリにする)
    15 00000013 400B                    	DW		2880			; このドライブの大きさ (2880セクタにしなければならない)
    16 00000015 F0                      	DB		0xf0			; メディアタイプ (0xf0にしなければならない)
    17 00000016 0900                    	DW		9				; FAT領域の長さ (9セクタにしなければならない)
    18 00000018 1200                    	DW		18				; 1トラックに幾つのセクタがあるか (18セクタにしなければならない)
    19 0000001A 0200                    	DW		2				; ヘッドの数 (2にしなければならない)
    20 0000001C 00000000                	DD		0				; パーティションを使っていないので必ず0
    21 00000020 400B0000                	DD		2880			; このドライブの大きさをもう一度書く
    22 00000024 000029                  	DB		0, 0, 0x29		; よくわからないけどこの値にしておくといいらしい
    23 00000027 FFFFFFFF                	DD		0xffffffff		; 多分ボリュームシリアル番号
    24 0000002B 48454C4C4F2D4F5320-     	DB		"HELLO-OS   "	; ディスクの名前 (11Byte)
    24 00000034 2020               
    25 00000036 4641543132202020        	DB		"FAT12   "		; フォーマットの名前 (8Byte)
    26 0000003E 00<rept>                	TIMES	18 DB 0			; とりあえず18バイト開けておく
    27                                  
    28                                  ; Program Main Body
    29                                  entry:
    30 00000050 B80000                  	MOV		AX, 0			; アキュムレータレジスタの初期化
    31 00000053 8ED0                    	MOV		SS, AX			; SSはスタックセグメント
    32 00000055 BC007C                  	MOV		SP, 0x7c00		; スタックポインタを 0x7c00 へ移動
    33 00000058 8ED8                    	MOV		DS, AX			; DSはデータセグメント
    34                                  
    35                                  	; INT 0x13 はディスクからの読込、書込、セクタのベリファイ、及びシーク
    36                                  	;     読み込み: AH = 0x02
    37                                  	;     書き込み: AH = 0x03
    38                                  	;     ベリファイ: AH = 0x04
    39                                  	;     シーク: AH = 0x0c
    40                                  	; 今回はAH = 0x02 に設定しているの読み込み
    41                                  	; ドライブは0, シリンダは0, セクタは2, ヘッドは表(0) から1セクタ分を読む
    42                                  	; バッファアドレスはディスクからメモリのどこへプログラムをロードするかのアドレス
    43                                  	;     処理するセクタ数->AL, シリンダ番号->CH, セクタ番号->CL,
    44                                  	;     ヘッド番号->DH, ドライブ番号->DL, バッファアドレス->ES:BX
    45 0000005A B82008                  	MOV		AX, 0x0820
    46 0000005D 8EC0                    	MOV		ES, AX			; ESはエクストラセグメント
    47 0000005F B500                    	MOV		CH, 0			; シリンダ0
    48 00000061 B600                    	MOV		DH, 0			; ヘッド0
    49 00000063 B102                    	MOV		CL, 2			; セクタ2
    50                                  
    51 00000065 B402                    	MOV		AH, 0x02		; AH=0x02 : ディスク読み込み
    52 00000067 B001                    	MOV		AL, 1			; 1セクタ
    53 00000069 BB0000                  	MOV		BX, 0
    54 0000006C B200                    	MOV		DL, 0x00		; A ドライブ
    55 0000006E CD13                    	INT		0x13			; ディスクBIOSの呼び出し
    56 00000070 7203                    	JC		error
    57                                  
    58                                  fin:
    59 00000072 F4                      	HLT						; 何かあるまでCPUを停止
    60 00000073 EBFD                    	JMP		fin				; 無限ループ
    61                                  
    62                                  error:
    63 00000075 BE[8A00]                	MOV		SI, msg			; SIはソースインデックス (読み込みインデックス) msgのメモリアドレスをSIに設定
    64                                  
    65                                  putloop:
    66 00000078 8A04                    	MOV		AL, [SI]		; メモリのSI番地の値を1バイト分 AL (Accumrator Low アキュムレータレジスタの下位8バイト) に読み込む
    67 0000007A 83C601                  	ADD		SI, 1			; ソースインデックスをひとつ進める
    68 0000007D 3C00                    	CMP		AL, 0			; AL (msgメモリないの値) == 0 ならば終了
    69 0000007F 74F1                    	JE		fin
    70 00000081 B40E                    	MOV		AH, 0x0e		; 1文字表示ファンクション (AHはアキュムレータレジスタの上位8bit)
    71 00000083 BB0F00                  	MOV		BX, 15			; カラーコード (BXはベースレジスタ)
    72 00000086 CD10                    	INT		0x10			; ビデオBIOS呼び出し
    73 00000088 EBEE                    	JMP		putloop
    74                                  
    75                                  msg:
    76 0000008A 0A0A                    	DB		0x0a, 0x0a
    77 0000008C 6C6F61642C20657272-     	DB		"load, error"
    77 00000095 6F72               
    78 00000097 0A                      	DB		0x0a
    79 00000098 00                      	DB		0
    80                                  
    81 00000099 00<rept>                	TIMES	0x7dfe-0x7c00-($-$$) DB 0		; 0x7dfeまでを0x00で埋める
    82                                  
    83 000001FE 55AA                    	DB		0x55, 0xaa
    84                                  
    85                                  ; ブート以外の処理
    86                                  
    87                                  ;	DB		0xf0, 0xff, 0xff, 0x00, 0x00, 0x00, 0x00, 0x00
    88                                  ;	TIMES	4600 DB 0
    89                                  ;	DB		0xf0, 0xff, 0xff, 0x00, 0x00, 0x00, 0x00, 0x00
    90                                  ;	TIMES	1469432 DB 0
